[ 52%] Built target glfw
[ 57%] Built target glad
[ 78%] Built target ImGui
[ 88%] Built target quick_imgui
[ 90%] Linking CXX executable "C:\Users\quent\OneDrive - ESIEE Paris\COURS\E4\prog_objet\S2\Projet\imgui-template\bin\Debug\ImGuiTemplate.exe"
cmake : C:/MinGW/mingw64/bin/../
lib/gcc/x86_64-w64-mingw32/15.2.
0/../../../../x86_64-w64-mingw32
/bin/ld.exe: cannot open output 
file C:\Users\quent\OneDrive - 
ESIEE Paris\COURS\E4\prog_objet\
S2\Projet\imgui-template\bin\Deb
ug\ImGuiTemplate.exe: 
Permission denied
Au caractère Ligne:1 : 1
+ cmake --build build > 
build_output.log 2>&1; 
Get-Content build_output ...
+ ~~~~~~~~~~~~~~~~~~~~~~~~~~~~~~
~~~~~~~~~~~~~
    + CategoryInfo          : N 
   otSpecified: (C:/MinGW/ming  
  w6...rmission denied:String   
 ) [], RemoteException
    + FullyQualifiedErrorId : N 
   ativeCommandError
 
collect2.exe: error: ld 
returned 1 exit status
mingw32-make[2]: *** [CMakeFiles
\ImGuiTemplate.dir\build.make:15
7: C:/Users/quent/OneDrive - 
ESIEE Paris/COURS/E4/prog_objet/
S2/Projet/imgui-template/bin/Deb
ug/ImGuiTemplate.exe] Error 1
mingw32-make[1]: *** 
[CMakeFiles\Makefile2:159: CMake
Files/ImGuiTemplate.dir/all] 
Error 2
mingw32-make: *** [Makefile:90: 
all] Error 2
