[ 52%] Built target glfw
[ 57%] Built target glad
[ 78%] Built target ImGui
[ 88%] Built target quick_imgui
[ 90%] Building CXX object CMakeFiles/ImGuiTemplate.dir/src/Renderer3D.cpp.obj
cmake : C:\Users\quent\OneDrive 
- ESIEE Paris\COURS\E4\prog_obje
t\S2\Projet\imgui-template\src\R
enderer3D.cpp: In member 
function 'void 
Renderer3D::render(int, int, 
const ChessEngine&)':
Au caractère Ligne:1 : 1
+ cmake --build build > 
build_output.txt 2>&1; cat 
build_output.txt
+ ~~~~~~~~~~~~~~~~~~~~~~~~~~~~~~
~~~~~~~~~~~~~
    + CategoryInfo          : N 
   otSpecified: (C:\Users\quen  
  t\...ChessEngine&)'::String   
 ) [], RemoteException
    + FullyQualifiedErrorId : N 
   ativeCommandError
 
C:\Users\quent\OneDrive - ESIEE 
Paris\COURS\E4\prog_objet\S2\Pro
jet\imgui-template\src\Renderer3
D.cpp:231:17: error: invalid 
use of incomplete type 'const 
class Renderer3D::ChessEngine'
  231 |             if (engine.p
lateau[i][j].has_value()) {
      |                 ^~~~~~
In file included from 
C:\Users\quent\OneDrive - ESIEE 
Paris\COURS\E4\prog_objet\S2\Pro
jet\imgui-template\src\Renderer3
D.cpp:1:
C:/Users/quent/ONEDRI~1/COURS/E4
/PROG_O~1/S2/Projet/IMGUI-~1/inc
lude/Renderer3D.hpp:43:11: 
note: forward declaration of 
'class Renderer3D::ChessEngine'
   43 |     class ChessEngine; 
// forward declaration
      |           ^~~~~~~~~~~
C:\Users\quent\OneDrive - ESIEE 
Paris\COURS\E4\prog_objet\S2\Pro
jet\imgui-template\src\Renderer3
D.cpp:232:38: error: invalid 
use of incomplete type 'const 
class Renderer3D::ChessEngine'
  232 |                 const 
Piece& piece = 
engine.plateau[i][j].value();
      |                         
             ^~~~~~
C:/Users/quent/ONEDRI~1/COURS/E4
/PROG_O~1/S2/Projet/IMGUI-~1/inc
lude/Renderer3D.hpp:43:11: 
note: forward declaration of 
'class Renderer3D::ChessEngine'
   43 |     class ChessEngine; 
// forward declaration
      |           ^~~~~~~~~~~
mingw32-make[2]: *** [CMakeFiles
\ImGuiTemplate.dir\build.make:10
9: CMakeFiles/ImGuiTemplate.dir/
src/Renderer3D.cpp.obj] Error 1
mingw32-make[1]: *** 
[CMakeFiles\Makefile2:159: CMake
Files/ImGuiTemplate.dir/all] 
Error 2
mingw32-make: *** [Makefile:90: 
all] Error 2
